C51 COMPILER V9.60.7.0   CLOCK                                                             09/21/2026 07:06:10 PAGE 1   


C51 COMPILER V9.60.7.0, COMPILATION OF MODULE CLOCK
OBJECT MODULE PLACED IN .\Objects\clock.obj
COMPILER INVOKED BY: C:\Keil_v5\C51\BIN\C51.EXE clock.c ROM(SMALL) OPTIMIZE(9,SIZE) BROWSE DEBUG OBJECTEXTEND PRINT(.\Li
                    -stings\clock.lst) TABS(2) OBJECT(.\Objects\clock.obj)

line level    source

   1          #include <reg51.h>
   2          
   3          #define lcd P3
   4          sbit rs = P2^0;
   5          sbit e  = P2^1;
   6          
   7          /* I2C pins - matched to actual schematic wiring:
   8             P0.1 -> RTC SDA, P0.0 -> RTC SCL */
   9          sbit c = P0^1;   // SCL
  10          sbit d = P0^0;   // SDA
  11          
  12          #define RTC_ADDR 0xD0   /* DS1307 7-bit address 0x68, shifted for write */
  13          
  14          void delay(int);
  15          void cmd(unsigned char);
  16          void display(unsigned char);
  17          void string(char *);
  18          void init(void);
  19          void i2c_start(void);
  20          void i2c_stop(void);
  21          void i2c_write(unsigned char);
  22          unsigned char i2c_read(void);
  23          void i2c_ack(void);
  24          void i2c_noack(void);
  25          void write(unsigned char, unsigned char, unsigned char);
  26          unsigned char read(unsigned char, unsigned char);
  27          void set_time(unsigned char, unsigned char, unsigned char);
  28          
  29          unsigned char code no[10] = {48, 49, 50, 51, 52, 53, 54, 55, 56, 57};
  30          unsigned char temp1[3] = {0, 0, 0};
  31          
  32          void delay(int d_val) {
  33   1          unsigned char i = 0;
  34   1          for(; d_val > 0; d_val--) {
  35   2              for(i = 250; i > 0; i--);
  36   2              for(i = 248; i > 0; i--);
  37   2          }
  38   1      }
  39          
  40          void cmd(unsigned char c_val) {
  41   1          lcd = c_val;
  42   1          rs = 0;
  43   1          e = 1;
  44   1          delay(5);
  45   1          e = 0;
  46   1      }
  47          
  48          void display(unsigned char c_val) {
  49   1          lcd = c_val;
  50   1          rs = 1;
  51   1          e = 1;
  52   1          delay(5);
  53   1          e = 0;
  54   1      }
C51 COMPILER V9.60.7.0   CLOCK                                                             09/21/2026 07:06:10 PAGE 2   

  55          
  56          void string(char *p) {
  57   1          while(*p) {
  58   2              display(*p++);
  59   2          }
  60   1      }
  61          
  62          void init(void) {
  63   1          cmd(0x38);
  64   1          cmd(0x0c);
  65   1          cmd(0x01);
  66   1          cmd(0x80);
  67   1      }
  68          
  69          #include <intrins.h> // Required for _nop_()
  70          
  71          void i2c_delay(void) {
  72   1          _nop_();
  73   1          _nop_();
  74   1      }
  75          
  76          void i2c_start(void) {
  77   1          d = 1;
  78   1          c = 1;
  79   1          i2c_delay();
  80   1          d = 0;
  81   1          i2c_delay();
  82   1          c = 0;
  83   1          i2c_delay();
  84   1      }
  85          
  86          void i2c_stop(void) {
  87   1          d = 0;
  88   1          c = 0;
  89   1          i2c_delay();
  90   1          c = 1;
  91   1          i2c_delay();
  92   1          d = 1;
  93   1          i2c_delay();
  94   1      }
  95          
  96          void i2c_write(unsigned char a) {
  97   1          unsigned char j;
  98   1          for(j = 0; j < 8; j++) {
  99   2              c = 0;
 100   2              i2c_delay();
 101   2              d = (a & 0x80) ? 1 : 0; // Send MSB first
 102   2              i2c_delay();
 103   2              c = 1;                  // Pulse clock HIGH to latch data
 104   2              i2c_delay();
 105   2              c = 0;                  // Pull clock back LOW
 106   2              a <<= 1;
 107   2          }
 108   1      }
 109          
 110          unsigned char i2c_read(void) {
 111   1          unsigned char j;
 112   1          unsigned char temp = 0;
 113   1          d = 1; // Release SDA so slave can control it
 114   1          for(j = 0; j < 8; j++) {
 115   2              c = 0;
 116   2              i2c_delay();
C51 COMPILER V9.60.7.0   CLOCK                                                             09/21/2026 07:06:10 PAGE 3   

 117   2              c = 1; // Pulse clock HIGH to read data
 118   2              i2c_delay();
 119   2              temp = (temp << 1) | (d ? 1 : 0);
 120   2              c = 0;
 121   2              i2c_delay();
 122   2          }
 123   1          return temp;
 124   1      }
 125          
 126          void i2c_ack(void) {
 127   1          unsigned int timeout = 0;
 128   1          c = 0;
 129   1          d = 1; // Release SDA
 130   1          i2c_delay();
 131   1          c = 1;
 132   1          i2c_delay();
 133   1          while((d == 1) && (timeout < 500)) {
 134   2              timeout++;
 135   2          }
 136   1          c = 0;
 137   1          i2c_delay();
 138   1      }
 139          
 140          void i2c_noack(void) {
 141   1          c = 0;
 142   1          d = 1; // Master leaves SDA HIGH to signal NACK
 143   1          i2c_delay();
 144   1          c = 1;
 145   1          i2c_delay();
 146   1          c = 0;
 147   1          i2c_delay();
 148   1      }
 149          
 150          void write(unsigned char sa, unsigned char w_addr, unsigned char dat) {
 151   1          i2c_start();
 152   1          i2c_write(sa);
 153   1          i2c_ack();
 154   1          i2c_write(w_addr);
 155   1          i2c_ack();
 156   1          i2c_write(dat);
 157   1          i2c_ack();
 158   1          i2c_stop();
 159   1          delay(10);
 160   1      }
 161          
 162          unsigned char read(unsigned char sa, unsigned char w_addr) {
 163   1          unsigned char buf = 0;
 164   1          i2c_start();
 165   1          i2c_write(sa);
 166   1          i2c_ack();
 167   1          i2c_write(w_addr);
 168   1          i2c_ack();
 169   1          i2c_start();
 170   1          i2c_write(sa | 0x01);
 171   1          i2c_ack();
 172   1          buf = i2c_read();
 173   1          i2c_noack();
 174   1          i2c_stop();
 175   1          return buf;
 176   1      }
 177          
 178          void set_time(unsigned char hour, unsigned char min, unsigned char sec) {
C51 COMPILER V9.60.7.0   CLOCK                                                             09/21/2026 07:06:10 PAGE 4   

 179   1          unsigned int temp[3];
 180   1          temp[0] = (((unsigned char)(sec / 10)) << 4) | ((unsigned char)(sec % 10));
 181   1          temp[1] = (((unsigned char)(min / 10)) << 4) | ((unsigned char)(min % 10));
 182   1          temp[2] = (((unsigned char)(hour / 10)) << 4) | ((unsigned char)(hour % 10));
 183   1          write(RTC_ADDR, 0x00, temp[0]);
 184   1          write(RTC_ADDR, 0x01, temp[1]);
 185   1          write(RTC_ADDR, 0x02, temp[2]);
 186   1      }
 187          
 188          void main() {
 189   1          unsigned char temp = 0;
 190   1          init();
 191   1          string(" Digital Clock ");
 192   1          cmd(0xc0);
 193   1          string(" using 8051 ");
 194   1          delay(3000);
 195   1          cmd(0x01);
 196   1          set_time(12, 59, 51);
 197   1          delay(500);
 198   1      
 199   1          while(1) {
 200   2              cmd(0x80);
 201   2              temp = read(RTC_ADDR, 0x00);
 202   2              temp1[0] = ((temp & 0x7F) >> 4) * 10 + (temp & 0x0F);
 203   2              temp = read(RTC_ADDR, 0x01);
 204   2              temp1[1] = (temp >> 4) * 10 + (temp & 0x0F);
 205   2              temp = read(RTC_ADDR, 0x02);
 206   2              temp1[2] = (temp >> 4) * 10 + (temp & 0x0F);
 207   2      
 208   2              display(no[(temp1[2] / 10) % 10]);
 209   2              display(no[temp1[2] % 10]);
 210   2              display(':');
 211   2              display(no[(temp1[1] / 10) % 10]);
 212   2              display(no[temp1[1] % 10]);
 213   2              display(':');
 214   2              display(no[(temp1[0] / 10) % 10]);
 215   2              display(no[temp1[0] % 10]);
 216   2          }
 217   1      }


MODULE INFORMATION:   STATIC OVERLAYABLE
   CODE SIZE        =    546    ----
   CONSTANT SIZE    =     39    ----
   XDATA SIZE       =   ----    ----
   PDATA SIZE       =   ----    ----
   DATA SIZE        =      3      10
   IDATA SIZE       =   ----    ----
   BIT SIZE         =   ----    ----
END OF MODULE INFORMATION.


C51 COMPILATION COMPLETE.  0 WARNING(S),  0 ERROR(S)
