BL51 BANKED LINKER/LOCATER V6.22.4.0                                                    09/21/2026  05:42:03  PAGE 1


BL51 BANKED LINKER/LOCATER V6.22.4.0, INVOKED BY:
C:\KEIL_V5\C51\BIN\BL51.EXE .\Objects\STARTUP.obj, .\Objects\main.obj TO .\Objects\Digital Clock 2 PRINT (.\Listings\Dig
>> ital Clock 2.m51)


MEMORY MODEL: SMALL


INPUT MODULES INCLUDED:
  .\Objects\STARTUP.obj (?C_STARTUP)
  .\Objects\main.obj (MAIN)
  C:\KEIL_V5\C51\LIB\C51S.LIB (?C_INIT)
  C:\KEIL_V5\C51\LIB\C51S.LIB (?C?CLDPTR)


LINK MAP OF MODULE:  .\Objects\Digital Clock 2 (?C_STARTUP)


            TYPE    BASE      LENGTH    RELOCATION   SEGMENT NAME
            -----------------------------------------------------

            * * * * * * *   D A T A   M E M O R Y   * * * * * * *
            REG     0000H     0008H     ABSOLUTE     "REG BANK 0"
            DATA    0008H     0006H     UNIT         _DATA_GROUP_
            DATA    000EH     0005H     UNIT         ?DT?MAIN
            IDATA   0013H     0001H     UNIT         ?STACK

            * * * * * * *   C O D E   M E M O R Y   * * * * * * *
            CODE    0000H     0003H     ABSOLUTE     
                    0003H     0008H                  *** GAP ***
            CODE    000BH     0003H     ABSOLUTE     
                    000EH     07F2H                  *** GAP ***
            CODE    0800H     008CH     UNIT         ?C_C51STARTUP
            CODE    088CH     0061H     UNIT         ?PR?MAIN?MAIN
            CODE    08EDH     004AH     UNIT         ?PR?TIMER0_ISR?MAIN
            CODE    0937H     0034H     UNIT         ?PR?SHOW_TIME?MAIN
            CODE    096BH     0028H     UNIT         ?PR?_DELAY_MS?MAIN
            CODE    0993H     0025H     UNIT         ?PR?_LCD_PRINT?MAIN
            CODE    09B8H     001BH     UNIT         ?PR?LCD_INIT?MAIN
            CODE    09D3H     001AH     UNIT         ?PR?_LCD_TWO_DIGITS?MAIN
            CODE    09EDH     0019H     UNIT         ?C?LIB_CODE
            CODE    0A06H     0010H     UNIT         ?C_INITSEG
            CODE    0A16H     000BH     UNIT         ?PR?_LCD_CMD?MAIN
            CODE    0A21H     000BH     UNIT         ?PR?_LCD_DATA?MAIN
            CODE    0A2CH     0006H     UNIT         ?CO?MAIN



OVERLAY MAP OF MODULE:   .\Objects\Digital Clock 2 (?C_STARTUP)


SEGMENT                            DATA_GROUP 
  +--> CALLED SEGMENT            START    LENGTH
------------------------------------------------
?C_C51STARTUP                    -----    -----
  +--> ?PR?MAIN?MAIN
  +--> ?C_INITSEG

BL51 BANKED LINKER/LOCATER V6.22.4.0                                                  09/21/2026  05:42:03  PAGE 2


?PR?MAIN?MAIN                    -----    -----
  +--> ?PR?LCD_INIT?MAIN
  +--> ?PR?SHOW_TIME?MAIN
  +--> ?PR?_DELAY_MS?MAIN

?PR?LCD_INIT?MAIN                -----    -----
  +--> ?PR?_DELAY_MS?MAIN
  +--> ?PR?_LCD_CMD?MAIN

?PR?_LCD_CMD?MAIN                -----    -----
  +--> ?PR?_DELAY_MS?MAIN

?PR?SHOW_TIME?MAIN               0008H    0003H
  +--> ?PR?_LCD_CMD?MAIN
  +--> ?CO?MAIN
  +--> ?PR?_LCD_PRINT?MAIN
  +--> ?PR?_LCD_TWO_DIGITS?MAIN
  +--> ?PR?_LCD_DATA?MAIN

?PR?_LCD_PRINT?MAIN              000BH    0003H
  +--> ?PR?_LCD_DATA?MAIN

?PR?_LCD_DATA?MAIN               -----    -----
  +--> ?PR?_DELAY_MS?MAIN

?PR?_LCD_TWO_DIGITS?MAIN         -----    -----
  +--> ?PR?_LCD_DATA?MAIN



SYMBOL TABLE OF MODULE:  .\Objects\Digital Clock 2 (?C_STARTUP)

  VALUE           TYPE          NAME
  ----------------------------------

  -------         MODULE        ?C_STARTUP
  C:0800H         SEGMENT       ?C_C51STARTUP
  I:0013H         SEGMENT       ?STACK
  C:0000H         PUBLIC        ?C_STARTUP
  D:00E0H         SYMBOL        ACC
  D:00F0H         SYMBOL        B
  D:0083H         SYMBOL        DPH
  D:0082H         SYMBOL        DPL
  N:0000H         SYMBOL        IBPSTACK
  N:0100H         SYMBOL        IBPSTACKTOP
  N:0080H         SYMBOL        IDATALEN
  C:0803H         SYMBOL        IDATALOOP
  N:0000H         SYMBOL        PBPSTACK
  N:0100H         SYMBOL        PBPSTACKTOP
  N:0000H         SYMBOL        PDATALEN
  N:0000H         SYMBOL        PDATASTART
  N:0000H         SYMBOL        PPAGE
  N:0000H         SYMBOL        PPAGEENABLE
  D:00A0H         SYMBOL        PPAGE_SFR
  D:0081H         SYMBOL        SP
  C:0800H         SYMBOL        STARTUP1
  N:0000H         SYMBOL        XBPSTACK
BL51 BANKED LINKER/LOCATER V6.22.4.0                                                  09/21/2026  05:42:03  PAGE 3


  N:0000H         SYMBOL        XBPSTACKTOP
  N:0000H         SYMBOL        XDATALEN
  N:0000H         SYMBOL        XDATASTART
  C:0000H         LINE#         126
  C:0800H         LINE#         133
  C:0802H         LINE#         134
  C:0803H         LINE#         135
  C:0804H         LINE#         136
  C:0806H         LINE#         185
  C:0809H         LINE#         196
  -------         ENDMOD        ?C_STARTUP

  -------         MODULE        MAIN
  C:0000H         SYMBOL        _ICE_DUMMY_
  D:0090H         PUBLIC        P1
  D:00A0H         PUBLIC        P2
  D:00B0H         PUBLIC        P3
  C:08EDH         PUBLIC        timer0_isr
  B:00A8H.7       PUBLIC        EA
  D:000EH         PUBLIC        minutes
  B:00A0H.1       PUBLIC        EN
  D:000FH         PUBLIC        ticks
  B:00A0H.0       PUBLIC        RS
  C:088CH         PUBLIC        main
  D:0010H         PUBLIC        tick_flag
  B:0090H.1       PUBLIC        BTN_MIN
  C:0A21H         PUBLIC        _lcd_data
  D:0011H         PUBLIC        hours
  D:0089H         PUBLIC        TMOD
  C:0993H         PUBLIC        _lcd_print
  B:00A8H.1       PUBLIC        ET0
  C:0A16H         PUBLIC        _lcd_cmd
  C:09B8H         PUBLIC        lcd_init
  D:008CH         PUBLIC        TH0
  D:008AH         PUBLIC        TL0
  C:0973H         PUBLIC        _delay_ms
  C:0937H         PUBLIC        show_time
  B:0088H.4       PUBLIC        TR0
  C:09D3H         PUBLIC        _lcd_two_digits
  B:0090H.0       PUBLIC        BTN_HR
  D:0012H         PUBLIC        seconds
  -------         PROC          L?0032
  -------         ENDPROC       L?0032
  -------         PROC          _DELAY_MS
  D:0006H         SYMBOL        ms
  -------         DO            
  D:0004H         SYMBOL        i
  D:0002H         SYMBOL        j
  -------         ENDDO         
  C:0973H         LINE#         20
  C:0973H         LINE#         21
  C:0973H         LINE#         23
  C:097DH         LINE#         24
  C:0992H         LINE#         26
  -------         ENDPROC       _DELAY_MS
  -------         PROC          _LCD_CMD
  D:0007H         SYMBOL        cmd
BL51 BANKED LINKER/LOCATER V6.22.4.0                                                  09/21/2026  05:42:03  PAGE 4


  C:0A16H         LINE#         28
  C:0A16H         LINE#         29
  C:0A16H         LINE#         30
  C:0A18H         LINE#         31
  C:0A18H         LINE#         32
  C:0A18H         LINE#         33
  C:0A1BH         LINE#         34
  C:0A1DH         LINE#         35
  -------         ENDPROC       _LCD_CMD
  -------         PROC          _LCD_DATA
  D:0007H         SYMBOL        d
  C:0A21H         LINE#         38
  C:0A21H         LINE#         39
  C:0A21H         LINE#         40
  C:0A23H         LINE#         41
  C:0A23H         LINE#         42
  C:0A23H         LINE#         43
  C:0A26H         LINE#         44
  C:0A28H         LINE#         45
  -------         ENDPROC       _LCD_DATA
  -------         PROC          LCD_INIT
  C:09B8H         LINE#         48
  C:09B8H         LINE#         49
  C:09B8H         LINE#         50
  C:09BFH         LINE#         51
  C:09C4H         LINE#         52
  C:09C9H         LINE#         53
  C:09CEH         LINE#         54
  -------         ENDPROC       LCD_INIT
  -------         PROC          _LCD_PRINT
  D:000BH         SYMBOL        s
  C:0993H         LINE#         57
  C:0999H         LINE#         58
  C:0999H         LINE#         59
  C:09A4H         LINE#         60
  C:09B7H         LINE#         61
  -------         ENDPROC       _LCD_PRINT
  -------         PROC          _LCD_TWO_DIGITS
  D:0001H         SYMBOL        n
  C:09D3H         LINE#         63
  C:09D5H         LINE#         64
  C:09D5H         LINE#         65
  C:09E0H         LINE#         66
  -------         ENDPROC       _LCD_TWO_DIGITS
  -------         PROC          SHOW_TIME
  -------         DO            
  D:0008H         SYMBOL        h
  D:0009H         SYMBOL        m
  D:000AH         SYMBOL        s
  -------         ENDDO         
  C:0937H         LINE#         69
  C:0937H         LINE#         70
  C:0937H         LINE#         73
  C:0939H         LINE#         74
  C:0942H         LINE#         75
  C:0944H         LINE#         77
  C:0949H         LINE#         78
BL51 BANKED LINKER/LOCATER V6.22.4.0                                                  09/21/2026  05:42:03  PAGE 5


  C:0952H         LINE#         79
  C:0957H         LINE#         80
  C:095CH         LINE#         81
  C:0961H         LINE#         82
  C:0966H         LINE#         83
  -------         ENDPROC       SHOW_TIME
  -------         PROC          TIMER0_ISR
  C:08EDH         LINE#         87
  C:08F6H         LINE#         89
  C:08F9H         LINE#         90
  C:08FCH         LINE#         92
  C:0906H         LINE#         93
  C:0909H         LINE#         94
  C:0912H         LINE#         95
  C:0915H         LINE#         96
  C:091EH         LINE#         97
  C:0921H         LINE#         98
  C:092AH         LINE#         99
  C:092DH         LINE#         100
  C:092DH         LINE#         101
  C:092DH         LINE#         102
  C:0930H         LINE#         103
  C:0930H         LINE#         104
  -------         ENDPROC       TIMER0_ISR
  -------         PROC          MAIN
  C:088CH         LINE#         106
  C:088CH         LINE#         107
  C:088CH         LINE#         108
  C:088EH         LINE#         109
  C:0890H         LINE#         111
  C:0893H         LINE#         113
  C:0896H         LINE#         114
  C:0899H         LINE#         115
  C:089CH         LINE#         116
  C:089EH         LINE#         117
  C:08A0H         LINE#         118
  C:08A2H         LINE#         120
  C:08A2H         LINE#         121
  C:08A6H         LINE#         122
  C:08A9H         LINE#         123
  C:08ACH         LINE#         124
  C:08ACH         LINE#         126
  C:08AFH         LINE#         127
  C:08B6H         LINE#         128
  C:08B8H         LINE#         129
  C:08C5H         LINE#         130
  C:08C7H         LINE#         131
  C:08CAH         LINE#         132
  C:08CAH         LINE#         134
  C:08CDH         LINE#         135
  C:08D4H         LINE#         136
  C:08D6H         LINE#         137
  C:08E3H         LINE#         138
  C:08E6H         LINE#         139
  C:08E8H         LINE#         140
  C:08EBH         LINE#         141
  C:08EBH         LINE#         142
BL51 BANKED LINKER/LOCATER V6.22.4.0                                                  09/21/2026  05:42:03  PAGE 6


  -------         ENDPROC       MAIN
  -------         ENDMOD        MAIN

  -------         MODULE        ?C?CLDPTR
  C:09EDH         PUBLIC        ?C?CLDPTR
  -------         ENDMOD        ?C?CLDPTR

******************************************************************************
* RESTRICTED VERSION WITH 0800H BYTE CODE SIZE LIMIT; USED: 019EH BYTE (20%) *
******************************************************************************

Program Size: data=20.0 xdata=0 code=568
LINK/LOCATE RUN COMPLETE.  0 WARNING(S),  0 ERROR(S)
